
=PROGRESS REPORT==== 24-Mar-2025::17:11:19 ===
          supervisor: {local,sasl_safe_sup}
             started: [{pid,<0.19981.0>},
                       {id,alarm_handler},
                       {mfargs,{alarm_handler,start_link,[]}},
                       {restart_type,permanent},
                       {shutdown,2000},
                       {child_type,worker}]

=PROGRESS REPORT==== 24-Mar-2025::17:11:19 ===
          supervisor: {local,sasl_sup}
             started: [{pid,<0.19980.0>},
                       {id,sasl_safe_sup},
                       {mfargs,
                           {supervisor,start_link,
                               [{local,sasl_safe_sup},sasl,safe]}},
                       {restart_type,permanent},
                       {shutdown,infinity},
                       {child_type,supervisor}]

=PROGRESS REPORT==== 24-Mar-2025::17:11:19 ===
          supervisor: {local,sasl_sup}
             started: [{pid,<0.19982.0>},
                       {id,release_handler},
                       {mfargs,{release_handler,start_link,[]}},
                       {restart_type,permanent},
                       {shutdown,2000},
                       {child_type,worker}]

=PROGRESS REPORT==== 24-Mar-2025::17:11:19 ===
         application: sasl
          started_at: '1742836233@959-alexeyshch-matrix-cf13abd'

=PROGRESS REPORT==== 24-Mar-2025::17:11:19 ===
         application: syntax_tools
          started_at: '1742836233@959-alexeyshch-matrix-cf13abd'

=PROGRESS REPORT==== 24-Mar-2025::17:11:19 ===
         application: compiler
          started_at: '1742836233@959-alexeyshch-matrix-cf13abd'

=PROGRESS REPORT==== 24-Mar-2025::17:11:19 ===
          supervisor: {local,gr_sup}
             started: [{pid,<0.19997.0>},
                       {id,gr_counter_sup},
                       {mfargs,{gr_counter_sup,start_link,[]}},
                       {restart_type,permanent},
                       {shutdown,5000},
                       {child_type,supervisor}]

=PROGRESS REPORT==== 24-Mar-2025::17:11:19 ===
          supervisor: {local,gr_sup}
             started: [{pid,<0.19999.0>},
                       {id,gr_param_sup},
                       {mfargs,{gr_param_sup,start_link,[]}},
                       {restart_type,permanent},
                       {shutdown,5000},
                       {child_type,supervisor}]

=PROGRESS REPORT==== 24-Mar-2025::17:11:19 ===
          supervisor: {local,gr_sup}
             started: [{pid,<0.20001.0>},
                       {id,gr_manager_sup},
                       {mfargs,{gr_manager_sup,start_link,[]}},
                       {restart_type,permanent},
                       {shutdown,5000},
                       {child_type,supervisor}]

=PROGRESS REPORT==== 24-Mar-2025::17:11:19 ===
         application: goldrush
          started_at: '1742836233@959-alexeyshch-matrix-cf13abd'

=PROGRESS REPORT==== 24-Mar-2025::17:11:19 ===
          supervisor: {local,lager_sup}
             started: [{pid,<0.20008.0>},
                       {id,lager},
                       {mfargs,{gen_event,start_link,[{local,lager_event}]}},
                       {restart_type,permanent},
                       {shutdown,5000},
                       {child_type,worker}]

=PROGRESS REPORT==== 24-Mar-2025::17:11:19 ===
          supervisor: {local,lager_sup}
             started: [{pid,<0.20010.0>},
                       {id,lager_handler_watcher_sup},
                       {mfargs,{lager_handler_watcher_sup,start_link,[]}},
                       {restart_type,permanent},
                       {shutdown,5000},
                       {child_type,supervisor}]

=PROGRESS REPORT==== 24-Mar-2025::17:11:19 ===
          supervisor: {local,lager_sup}
             started: [{pid,<0.20012.0>},
                       {id,lager_crash_log},
                       {mfargs,
                           {lager_crash_log,start_link,
                               ["/home/runner/work/ejabberd/ejabberd/_build/test/logs/ct_run.1742836233@959-alexeyshch-matrix-cf13abd.2025-03-24_17.11.18/lib.ejabberd.logs/run.2025-03-24_17.11.18/log_private/crash.log",
                                65536,10485760,undefined,1,
                                lager_rotator_default]}},
                       {restart_type,permanent},
                       {shutdown,5000},
                       {child_type,worker}]
