
=PROGRESS REPORT==== 18-Dec-2024::20:02:01 ===
          supervisor: {local,sasl_safe_sup}
             started: [{pid,<0.20192.0>},
                       {id,alarm_handler},
                       {mfargs,{alarm_handler,start_link,[]}},
                       {restart_type,permanent},
                       {shutdown,2000},
                       {child_type,worker}]

=PROGRESS REPORT==== 18-Dec-2024::20:02:01 ===
          supervisor: {local,sasl_sup}
             started: [{pid,<0.20191.0>},
                       {id,sasl_safe_sup},
                       {mfargs,
                           {supervisor,start_link,
                               [{local,sasl_safe_sup},sasl,safe]}},
                       {restart_type,permanent},
                       {shutdown,infinity},
                       {child_type,supervisor}]

=PROGRESS REPORT==== 18-Dec-2024::20:02:01 ===
          supervisor: {local,sasl_sup}
             started: [{pid,<0.20193.0>},
                       {id,release_handler},
                       {mfargs,{release_handler,start_link,[]}},
                       {restart_type,permanent},
                       {shutdown,2000},
                       {child_type,worker}]

=PROGRESS REPORT==== 18-Dec-2024::20:02:01 ===
         application: sasl
          started_at: '1734552073@876-weiss-master-8cfcc69'

=PROGRESS REPORT==== 18-Dec-2024::20:02:01 ===
         application: syntax_tools
          started_at: '1734552073@876-weiss-master-8cfcc69'

=PROGRESS REPORT==== 18-Dec-2024::20:02:01 ===
         application: compiler
          started_at: '1734552073@876-weiss-master-8cfcc69'

=PROGRESS REPORT==== 18-Dec-2024::20:02:01 ===
          supervisor: {local,gr_sup}
             started: [{pid,<0.20208.0>},
                       {id,gr_counter_sup},
                       {mfargs,{gr_counter_sup,start_link,[]}},
                       {restart_type,permanent},
                       {shutdown,5000},
                       {child_type,supervisor}]

=PROGRESS REPORT==== 18-Dec-2024::20:02:01 ===
          supervisor: {local,gr_sup}
             started: [{pid,<0.20210.0>},
                       {id,gr_param_sup},
                       {mfargs,{gr_param_sup,start_link,[]}},
                       {restart_type,permanent},
                       {shutdown,5000},
                       {child_type,supervisor}]

=PROGRESS REPORT==== 18-Dec-2024::20:02:01 ===
          supervisor: {local,gr_sup}
             started: [{pid,<0.20212.0>},
                       {id,gr_manager_sup},
                       {mfargs,{gr_manager_sup,start_link,[]}},
                       {restart_type,permanent},
                       {shutdown,5000},
                       {child_type,supervisor}]

=PROGRESS REPORT==== 18-Dec-2024::20:02:01 ===
         application: goldrush
          started_at: '1734552073@876-weiss-master-8cfcc69'

=PROGRESS REPORT==== 18-Dec-2024::20:02:01 ===
          supervisor: {local,lager_sup}
             started: [{pid,<0.20219.0>},
                       {id,lager},
                       {mfargs,{gen_event,start_link,[{local,lager_event}]}},
                       {restart_type,permanent},
                       {shutdown,5000},
                       {child_type,worker}]

=PROGRESS REPORT==== 18-Dec-2024::20:02:01 ===
          supervisor: {local,lager_sup}
             started: [{pid,<0.20221.0>},
                       {id,lager_handler_watcher_sup},
                       {mfargs,{lager_handler_watcher_sup,start_link,[]}},
                       {restart_type,permanent},
                       {shutdown,5000},
                       {child_type,supervisor}]

=PROGRESS REPORT==== 18-Dec-2024::20:02:01 ===
          supervisor: {local,lager_sup}
             started: [{pid,<0.20223.0>},
                       {id,lager_crash_log},
                       {mfargs,
                           {lager_crash_log,start_link,
                               ["/home/runner/work/ejabberd/ejabberd/_build/test/logs/ct_run.1734552073@876-weiss-master-8cfcc69.2024-12-18_20.02.00/lib.ejabberd.logs/run.2024-12-18_20.02.01/log_private/crash.log",
                                65536,10485760,undefined,1,
                                lager_rotator_default]}},
                       {restart_type,permanent},
                       {shutdown,5000},
                       {child_type,worker}]
