
=PROGRESS REPORT==== 23-Aug-2024::19:02:49 ===
          supervisor: {local,sasl_safe_sup}
             started: [{pid,<0.19678.0>},
                       {id,alarm_handler},
                       {mfargs,{alarm_handler,start_link,[]}},
                       {restart_type,permanent},
                       {shutdown,2000},
                       {child_type,worker}]

=PROGRESS REPORT==== 23-Aug-2024::19:02:49 ===
          supervisor: {local,sasl_sup}
             started: [{pid,<0.19677.0>},
                       {id,sasl_safe_sup},
                       {mfargs,
                           {supervisor,start_link,
                               [{local,sasl_safe_sup},sasl,safe]}},
                       {restart_type,permanent},
                       {shutdown,infinity},
                       {child_type,supervisor}]

=PROGRESS REPORT==== 23-Aug-2024::19:02:49 ===
          supervisor: {local,sasl_sup}
             started: [{pid,<0.19679.0>},
                       {id,release_handler},
                       {mfargs,{release_handler,start_link,[]}},
                       {restart_type,permanent},
                       {shutdown,2000},
                       {child_type,worker}]

=PROGRESS REPORT==== 23-Aug-2024::19:02:49 ===
         application: sasl
          started_at: '1724439724@794-prefiks-master-8e7489c'

=PROGRESS REPORT==== 23-Aug-2024::19:02:49 ===
         application: syntax_tools
          started_at: '1724439724@794-prefiks-master-8e7489c'

=PROGRESS REPORT==== 23-Aug-2024::19:02:49 ===
         application: compiler
          started_at: '1724439724@794-prefiks-master-8e7489c'

=PROGRESS REPORT==== 23-Aug-2024::19:02:50 ===
          supervisor: {local,gr_sup}
             started: [{pid,<0.19694.0>},
                       {id,gr_counter_sup},
                       {mfargs,{gr_counter_sup,start_link,[]}},
                       {restart_type,permanent},
                       {shutdown,5000},
                       {child_type,supervisor}]

=PROGRESS REPORT==== 23-Aug-2024::19:02:50 ===
          supervisor: {local,gr_sup}
             started: [{pid,<0.19696.0>},
                       {id,gr_param_sup},
                       {mfargs,{gr_param_sup,start_link,[]}},
                       {restart_type,permanent},
                       {shutdown,5000},
                       {child_type,supervisor}]

=PROGRESS REPORT==== 23-Aug-2024::19:02:50 ===
          supervisor: {local,gr_sup}
             started: [{pid,<0.19698.0>},
                       {id,gr_manager_sup},
                       {mfargs,{gr_manager_sup,start_link,[]}},
                       {restart_type,permanent},
                       {shutdown,5000},
                       {child_type,supervisor}]

=PROGRESS REPORT==== 23-Aug-2024::19:02:50 ===
         application: goldrush
          started_at: '1724439724@794-prefiks-master-8e7489c'

=PROGRESS REPORT==== 23-Aug-2024::19:02:50 ===
          supervisor: {local,lager_sup}
             started: [{pid,<0.19705.0>},
                       {id,lager},
                       {mfargs,{gen_event,start_link,[{local,lager_event}]}},
                       {restart_type,permanent},
                       {shutdown,5000},
                       {child_type,worker}]

=PROGRESS REPORT==== 23-Aug-2024::19:02:50 ===
          supervisor: {local,lager_sup}
             started: [{pid,<0.19707.0>},
                       {id,lager_handler_watcher_sup},
                       {mfargs,{lager_handler_watcher_sup,start_link,[]}},
                       {restart_type,permanent},
                       {shutdown,5000},
                       {child_type,supervisor}]

=PROGRESS REPORT==== 23-Aug-2024::19:02:50 ===
          supervisor: {local,lager_sup}
             started: [{pid,<0.19709.0>},
                       {id,lager_crash_log},
                       {mfargs,
                           {lager_crash_log,start_link,
                               ["/home/runner/work/ejabberd/ejabberd/_build/test/logs/ct_run.1724439724@794-prefiks-master-8e7489c.2024-08-23_19.02.48/lib.ejabberd.logs/run.2024-08-23_19.02.49/log_private/crash.log",
                                65536,10485760,undefined,1,
                                lager_rotator_default]}},
                       {restart_type,permanent},
                       {shutdown,5000},
                       {child_type,worker}]
