
=PROGRESS REPORT==== 2-Jul-2024::10:47:57 ===
          supervisor: {local,sasl_safe_sup}
             started: [{pid,<0.19596.0>},
                       {id,alarm_handler},
                       {mfargs,{alarm_handler,start_link,[]}},
                       {restart_type,permanent},
                       {shutdown,2000},
                       {child_type,worker}]

=PROGRESS REPORT==== 2-Jul-2024::10:47:57 ===
          supervisor: {local,sasl_sup}
             started: [{pid,<0.19595.0>},
                       {id,sasl_safe_sup},
                       {mfargs,
                           {supervisor,start_link,
                               [{local,sasl_safe_sup},sasl,safe]}},
                       {restart_type,permanent},
                       {shutdown,infinity},
                       {child_type,supervisor}]

=PROGRESS REPORT==== 2-Jul-2024::10:47:57 ===
          supervisor: {local,sasl_sup}
             started: [{pid,<0.19597.0>},
                       {id,release_handler},
                       {mfargs,{release_handler,start_link,[]}},
                       {restart_type,permanent},
                       {shutdown,2000},
                       {child_type,worker}]

=PROGRESS REPORT==== 2-Jul-2024::10:47:57 ===
         application: sasl
          started_at: '1719917232@751-badlop-master-82d95ac'

=PROGRESS REPORT==== 2-Jul-2024::10:47:57 ===
         application: syntax_tools
          started_at: '1719917232@751-badlop-master-82d95ac'

=PROGRESS REPORT==== 2-Jul-2024::10:47:57 ===
         application: compiler
          started_at: '1719917232@751-badlop-master-82d95ac'

=PROGRESS REPORT==== 2-Jul-2024::10:47:57 ===
          supervisor: {local,gr_sup}
             started: [{pid,<0.19612.0>},
                       {id,gr_counter_sup},
                       {mfargs,{gr_counter_sup,start_link,[]}},
                       {restart_type,permanent},
                       {shutdown,5000},
                       {child_type,supervisor}]

=PROGRESS REPORT==== 2-Jul-2024::10:47:57 ===
          supervisor: {local,gr_sup}
             started: [{pid,<0.19614.0>},
                       {id,gr_param_sup},
                       {mfargs,{gr_param_sup,start_link,[]}},
                       {restart_type,permanent},
                       {shutdown,5000},
                       {child_type,supervisor}]

=PROGRESS REPORT==== 2-Jul-2024::10:47:57 ===
          supervisor: {local,gr_sup}
             started: [{pid,<0.19616.0>},
                       {id,gr_manager_sup},
                       {mfargs,{gr_manager_sup,start_link,[]}},
                       {restart_type,permanent},
                       {shutdown,5000},
                       {child_type,supervisor}]

=PROGRESS REPORT==== 2-Jul-2024::10:47:57 ===
         application: goldrush
          started_at: '1719917232@751-badlop-master-82d95ac'

=PROGRESS REPORT==== 2-Jul-2024::10:47:58 ===
          supervisor: {local,lager_sup}
             started: [{pid,<0.19623.0>},
                       {id,lager},
                       {mfargs,{gen_event,start_link,[{local,lager_event}]}},
                       {restart_type,permanent},
                       {shutdown,5000},
                       {child_type,worker}]

=PROGRESS REPORT==== 2-Jul-2024::10:47:58 ===
          supervisor: {local,lager_sup}
             started: [{pid,<0.19625.0>},
                       {id,lager_handler_watcher_sup},
                       {mfargs,{lager_handler_watcher_sup,start_link,[]}},
                       {restart_type,permanent},
                       {shutdown,5000},
                       {child_type,supervisor}]

=PROGRESS REPORT==== 2-Jul-2024::10:47:58 ===
          supervisor: {local,lager_sup}
             started: [{pid,<0.19627.0>},
                       {id,lager_crash_log},
                       {mfargs,
                           {lager_crash_log,start_link,
                               ["/home/runner/work/ejabberd/ejabberd/_build/test/logs/ct_run.1719917232@751-badlop-master-82d95ac.2024-07-02_10.47.57/lib.ejabberd.logs/run.2024-07-02_10.47.57/log_private/crash.log",
                                65536,10485760,undefined,1,
                                lager_rotator_default]}},
                       {restart_type,permanent},
                       {shutdown,5000},
                       {child_type,worker}]
